../Core/Src/main.c:103:8:ProcessGPSData	16	static
../Core/Src/main.c:75:5:main	96	static
../Core/Src/main.c:113:8:parseGPRMC	40	static
../Core/Src/main.c:130:7:parseGPGGA	32	static
../Core/Src/main.c:145:8:formatTime	56	static
../Core/Src/main.c:212:6:SystemClock_Config	88	static
../Core/Src/main.c:267:13:MX_USART1_UART_Init	8	static
../Core/Src/main.c:300:13:MX_USART2_UART_Init	8	static
../Core/Src/main.c:333:13:MX_GPIO_Init	48	static
../Core/Src/main.c:366:5:_write	24	static
../Core/Src/main.c:377:6:Error_Handler	4	static,ignoring_inline_asm
